/******************************************************************************

    mess_dev.lst

    List of all enabled devices in the system. This file is parsed by
    makedev.exe, sorted, and output as C code describing the devices.

****************************************************************************

    Copyright Aaron Giles
    All rights reserved.

    Redistribution and use in source and binary forms, with or without
    modification, are permitted provided that the following conditions are
    met:

        * Redistributions of source code must retain the above copyright
          notice, this list of conditions and the following disclaimer.
        * Redistributions in binary form must reproduce the above copyright
          notice, this list of conditions and the following disclaimer in
          the documentation and/or other materials provided with the
          distribution.
        * Neither the name 'MAME' nor the names of its contributors may be
          used to endorse or promote products derived from this software
          without specific prior written permission.

    THIS SOFTWARE IS PROVIDED BY AARON GILES ''AS IS'' AND ANY EXPRESS OR
    IMPLIED WARRANTIES, INCLUDING, BUT NOT LIMITED TO, THE IMPLIED
    WARRANTIES OF MERCHANTABILITY AND FITNESS FOR A PARTICULAR PURPOSE ARE
    DISCLAIMED. IN NO EVENT SHALL AARON GILES BE LIABLE FOR ANY DIRECT,
    INDIRECT, INCIDENTAL, SPECIAL, EXEMPLARY, OR CONSEQUENTIAL DAMAGES
    (INCLUDING, BUT NOT LIMITED TO, PROCUREMENT OF SUBSTITUTE GOODS OR
    SERVICES; LOSS OF USE, DATA, OR PROFITS; OR BUSINESS INTERRUPTION)
    HOWEVER CAUSED AND ON ANY THEORY OF LIABILITY, WHETHER IN CONTRACT,
    STRICT LIABILITY, OR TORT (INCLUDING NEGLIGENCE OR OTHERWISE) ARISING
    IN ANY WAY OUT OF THE USE OF THIS SOFTWARE, EVEN IF ADVISED OF THE
    POSSIBILITY OF SUCH DAMAGE.

******************************************************************************/

ABC77
ABC99
AT_KEYBOARD_CONTROLLER
BETA_DISK
C1540
C1541
C1541C
C1541II
SX1541
OC118
C1551
C1570
C1571
C1571CR
C1563
C1581
C2040 // C3040 have same roms
C4040
C8050
C8250
C8280
C9060 // C9090 has same roms
SFD1001
C2031
COCO_FDC
COCO_FDC_V11
CP400_FDC
DRAGON_FDC
SDTANDY_FDC
COMX_CLM
COMX_EB
COMX_FD
COMX_EPR
COMX_THM
COMX_PRN
COMXPL80
S100_DJ2DB
S100_DJDMA
S100_MM65K16S
EGRET
ECB_GRIP21
HD61830
INTERPOD
ISA8_HDC
ISA8_MDA
ISA8_HERCULES
IBM_VGA
KB_KEYTRONIC
LUXOR_55_10828
LUXOR_55_21046
HFDC 
NUBUS_48GC
NUBUS_CB264
NUBUS_VIKBW
PC1512_KEYBOARD
S1410
SED1330
BWG
EVPC
TF20
TISPEECH8
PCODEN
TIRS232
TISPEECH
TIFDC
UPD7220
VIC1112
ABC_UNI800
ABC_SLUTPROV
CPC_SSA1  // uses internal SP0256 ROM
CPC_DKSPEECH  // uses internal SP0256 ROM
CPC_MFACE2
C64_XL80

